Stopping payment-service at 2026-04-25T19:06:42Z
 Container microservices-payment-service-1 Stopping 
 Container microservices-payment-service-1 Stopped 
Observed checkout failure with HTTP 409
 Container microservices-payment-service-1 Starting 
 Container microservices-payment-service-1 Started 
Health check passed for http://localhost:8088/actuator/health
Checkout did not recover after payment-service restart.
Stopping payment-service at 2026-04-25T19:09:08Z
 Container microservices-payment-service-1 Stopping 
 Container microservices-payment-service-1 Stopped 
curl: (56) Recv failure: Connection reset by peer
Traceback (most recent call last):
  File "<string>", line 1, in <module>
  File "/usr/lib/python3.12/json/__init__.py", line 293, in load
    return loads(fp.read(),
           ^^^^^^^^^^^^^^^^
  File "/usr/lib/python3.12/json/__init__.py", line 346, in loads
    return _default_decoder.decode(s)
           ^^^^^^^^^^^^^^^^^^^^^^^^^^
  File "/usr/lib/python3.12/json/decoder.py", line 337, in decode
    obj, end = self.raw_decode(s, idx=_w(s, 0).end())
               ^^^^^^^^^^^^^^^^^^^^^^^^^^^^^^^^^^^^^^
  File "/usr/lib/python3.12/json/decoder.py", line 355, in raw_decode
    raise JSONDecodeError("Expecting value", s, err.value) from None
json.decoder.JSONDecodeError: Expecting value: line 1 column 1 (char 0)
Stopping payment-service at 2026-04-25T19:19:55Z
 Container microservices-payment-service-1 Stopping 
 Container microservices-payment-service-1 Stopped 
Observed checkout failure with HTTP 503
 Container microservices-payment-service-1 Starting 
 Container microservices-payment-service-1 Started 
Health check passed for http://localhost:8088/actuator/health
Payment-service MTTR: 17s
Stopping payment-service at 2026-04-25T19:57:43Z
 Container microservices-payment-service-1 Stopping 
 Container microservices-payment-service-1 Stopped 
Observed checkout failure with HTTP 503
 Container microservices-payment-service-1 Starting 
 Container microservices-payment-service-1 Started 
Health check passed for http://localhost:8088/actuator/health
Payment-service MTTR: 15s
Stopping payment-service at 2026-04-25T20:34:36Z
 Container microservices-payment-service-1 Stopping 
 Container microservices-payment-service-1 Stopped 
Observed checkout failure with HTTP 503
 Container microservices-payment-service-1 Starting 
 Container microservices-payment-service-1 Started 
Health check passed for http://localhost:8088/actuator/health
Payment-service MTTR: 15s
Stopping payment-service at 2026-04-26T18:55:39Z
 Container microservices-payment-service-1 Stopping 
 Container microservices-payment-service-1 Stopped 
curl: (7) Failed to connect to localhost port 8085 after 0 ms: Couldn't connect to server
Traceback (most recent call last):
  File "<string>", line 1, in <module>
  File "/usr/lib/python3.12/json/__init__.py", line 293, in load
    return loads(fp.read(),
           ^^^^^^^^^^^^^^^^
  File "/usr/lib/python3.12/json/__init__.py", line 346, in loads
    return _default_decoder.decode(s)
           ^^^^^^^^^^^^^^^^^^^^^^^^^^
  File "/usr/lib/python3.12/json/decoder.py", line 337, in decode
    obj, end = self.raw_decode(s, idx=_w(s, 0).end())
               ^^^^^^^^^^^^^^^^^^^^^^^^^^^^^^^^^^^^^^
  File "/usr/lib/python3.12/json/decoder.py", line 355, in raw_decode
    raise JSONDecodeError("Expecting value", s, err.value) from None
json.decoder.JSONDecodeError: Expecting value: line 1 column 1 (char 0)
Stopping payment-service at 2026-04-26T18:56:26Z
 Container microservices-payment-service-1 Stopping 
 Container microservices-payment-service-1 Stopped 
curl: (56) Recv failure: Connection reset by peer
Traceback (most recent call last):
  File "<string>", line 1, in <module>
  File "/usr/lib/python3.12/json/__init__.py", line 293, in load
    return loads(fp.read(),
           ^^^^^^^^^^^^^^^^
  File "/usr/lib/python3.12/json/__init__.py", line 346, in loads
    return _default_decoder.decode(s)
           ^^^^^^^^^^^^^^^^^^^^^^^^^^
  File "/usr/lib/python3.12/json/decoder.py", line 337, in decode
    obj, end = self.raw_decode(s, idx=_w(s, 0).end())
               ^^^^^^^^^^^^^^^^^^^^^^^^^^^^^^^^^^^^^^
  File "/usr/lib/python3.12/json/decoder.py", line 355, in raw_decode
    raise JSONDecodeError("Expecting value", s, err.value) from None
json.decoder.JSONDecodeError: Expecting value: line 1 column 1 (char 0)
Health check passed for http://localhost:8085/actuator/health
Health check passed for http://localhost:8086/actuator/health
scripts/measure-mttr.sh: line 53: INVENTORY_BASE_URL: unbound variable
Health check passed for http://localhost:8085/actuator/health
Health check passed for http://localhost:8086/actuator/health
Health check passed for http://localhost:8087/actuator/health
Health check passed for http://localhost:8089/actuator/health
Stopping payment-service at 2026-04-26T18:59:00Z
 Container microservices-payment-service-1 Stopping 
 Container microservices-payment-service-1 Stopped 
Observed checkout failure with HTTP 503
 Container microservices-payment-service-1 Starting 
 Container microservices-payment-service-1 Started 
Health check passed for http://localhost:8088/actuator/health
Payment-service MTTR: 16s
