Starting monolith MTTR measurement at 2026-04-26T18:31:37Z
curl: (7) Failed to connect to localhost port 8083 after 0 ms: Couldn't connect to server

ERROR: JAVA_HOME is not set and no 'java' command could be found in your PATH.

Please set the JAVA_HOME variable in your environment to match the
location of your Java installation.

curl: (7) Failed to connect to localhost port 8083 after 0 ms: Couldn't connect to server
curl: (7) Failed to connect to localhost port 8083 after 0 ms: Couldn't connect to server
curl: (7) Failed to connect to localhost port 8083 after 0 ms: Couldn't connect to server
curl: (7) Failed to connect to localhost port 8083 after 0 ms: Couldn't connect to server
curl: (7) Failed to connect to localhost port 8083 after 0 ms: Couldn't connect to server
curl: (7) Failed to connect to localhost port 8083 after 0 ms: Couldn't connect to server
curl: (7) Failed to connect to localhost port 8083 after 0 ms: Couldn't connect to server
curl: (7) Failed to connect to localhost port 8083 after 0 ms: Couldn't connect to server
Starting monolith MTTR measurement at 2026-04-26T18:32:08Z
curl: (56) Recv failure: Connection reset by peer

ERROR: JAVA_HOME is not set and no 'java' command could be found in your PATH.

Please set the JAVA_HOME variable in your environment to match the
location of your Java installation.

Measured monolith MTTR: 2s
Checkout verification succeeded after restart.
Starting monolith MTTR measurement at 2026-04-26T18:48:08Z
curl: (7) Failed to connect to localhost port 8083 after 0 ms: Couldn't connect to server

ERROR: JAVA_HOME is not set and no 'java' command could be found in your PATH.

Please set the JAVA_HOME variable in your environment to match the
location of your Java installation.

curl: (7) Failed to connect to localhost port 8083 after 0 ms: Couldn't connect to server
curl: (56) Recv failure: Connection reset by peer
curl: (56) Recv failure: Connection reset by peer
curl: (56) Recv failure: Connection reset by peer
Measured monolith MTTR: 11s
Checkout verification succeeded after restart.
